// Jest Snapshot v1, https://goo.gl/fbAQLP

exports[`matches the snapshot 1`] = `
<DocumentFragment>
  <form
    class="EditTodoForm"
  >
    <input
      name="todo"
      type="text"
      value=""
    />
    <button>
      Edit
    </button>
  </form>
</DocumentFragment>
`;
